{
    "hcv - bam": {
        "content": [
            [
                "versions.yml:md5,3881238d4a702899627b71c36d6b0dfc"
            ],
            "Test_2.3a_D17763_major.major.nodup.json",
            "Test_2.3a_D17763_major.major.nodup.html"
        ],
        "meta": {
            "nf-test": "0.9.3",
            "nextflow": "25.04.2"
        },
        "timestamp": "2025-10-08T13:39:32.547690916"
    },
    "hcv - bam - stub": {
        "content": [
            [
                "versions.yml:md5,104ff0b25b9571e48d6e7eb420d675ae"
            ],
            "sample.json",
            "sample.html"
        ],
        "meta": {
            "nf-test": "0.9.3",
            "nextflow": "25.04.2"
        },
        "timestamp": "2025-10-08T13:34:25.90503572"
    }
}